// Jest Snapshot v1, https://goo.gl/fbAQLP

exports[`should render UserDashboard 1`] = `
<div>
  <Title
    title="Welcome to our Movies database"
  />
  <Clock />
</div>
`;
