// Jest Snapshot v1, https://goo.gl/fbAQLP

exports[`should render NotFoundPage 1`] = `
<div
  className="not-found "
>
  <div
    className="not-found--overlay"
  />
  <div
    className="not-found--text"
  >
    <span>
      404.
    </span>
    <br />
    <span>
      This page does not exist.
    </span>
  </div>
</div>
`;
